// Jest Snapshot v1, https://goo.gl/fbAQLP

exports[`should render properly 1`] = `
<DocumentFragment>
  <label
    class="label"
    for="language-filter"
  >
    Language:
    <select
      class="select"
      id="language-filter"
    >
      <option>
        Any
      </option>
      <option
        value="JavaScript"
      >
        JavaScript
      </option>
      <option
        value="Python"
      >
        Python
      </option>
      <option
        value="Java"
      >
        Java
      </option>
      <option
        value="PHP"
      >
        PHP
      </option>
      <option
        value="C++"
      >
        C++
      </option>
      <option
        value="C"
      >
        C
      </option>
      <option
        value="C#"
      >
        C#
      </option>
      <option
        value="Ruby"
      >
        Ruby
      </option>
      <option
        value="Scala"
      >
        Scala
      </option>
      <option
        value="Haskell"
      >
        Haskell
      </option>
      <option
        value="Shell"
      >
        Shell
      </option>
      <option
        value="Elm"
      >
        Elm
      </option>
      <option
        value="Rust"
      >
        Rust
      </option>
      <option
        value="Kotlin"
      >
        Kotlin
      </option>
    </select>
  </label>
</DocumentFragment>
`;
